// Jest Snapshot v1, https://goo.gl/fbAQLP

exports[`Pruebas sobre el componente GifExpertApp Debe hacer match con el snapshot 1`] = `
<div>
  <header
    class="header"
  >
    <h1>
       GifExpertApp 
    </h1>
    <form
      aria-label="form"
    >
      <input
        placeholder="Buscar gifs"
        type="text"
        value=""
      />
      <button>
         Add a new category 
      </button>
    </form>
  </header>
  <h3>
    FRIENDS
  </h3>
  <h2>
    Cargando imágenes...
  </h2>
  <ul
    class="card-grid"
  />
  <h3>
    BAILE
  </h3>
  <h2>
    Cargando imágenes...
  </h2>
  <ul
    class="card-grid"
  />
  <h3>
    ANIMALS
  </h3>
  <h2>
    Cargando imágenes...
  </h2>
  <ul
    class="card-grid"
  />
</div>
`;
